EN alu48 NULL C:/Users/Arti/Downloads/sppu_e-tc_notes_and_praticals-master/sppu_e-tc_notes_and_praticals-master/sem7/vlsi_praticals/parta/parta/alu48/alu48.vhd sub00/vhpl00 1697460175
AR alu48 alu48_arch C:/Users/Arti/Downloads/sppu_e-tc_notes_and_praticals-master/sppu_e-tc_notes_and_praticals-master/sem7/vlsi_praticals/parta/parta/alu48/alu48.vhd sub00/vhpl01 1697460176
