V3 4
FL C:/Users/Arti/Downloads/sppu_e-tc_notes_and_praticals-master/sppu_e-tc_notes_and_praticals-master/sem7/vlsi_praticals/parta/parta/alu48/alu48.vhd 2023/10/16.17:49:01 P.20131013
EN work/alu48 1697460175 \
      FL C:/Users/Arti/Downloads/sppu_e-tc_notes_and_praticals-master/sppu_e-tc_notes_and_praticals-master/sem7/vlsi_praticals/parta/parta/alu48/alu48.vhd \
      PB ieee/std_logic_1164 1381692176 PB ieee/STD_LOGIC_UNSIGNED 1381692179
AR work/alu48/alu48_arch 1697460176 \
      FL C:/Users/Arti/Downloads/sppu_e-tc_notes_and_praticals-master/sppu_e-tc_notes_and_praticals-master/sem7/vlsi_praticals/parta/parta/alu48/alu48.vhd \
      EN work/alu48 1697460175
FL D:/sem7/VLSI/alu48/alu48.vhd 2022/09/16.18:42:49 P.20131013
