V3 3
FL C:/Users/Arti/Documents/oneplusone/parta/alu48/alu48.vhd 2023/10/16.17:49:01 P.20131013
EN work/alu48 1700237400 \
      FL C:/Users/Arti/Documents/oneplusone/parta/alu48/alu48.vhd \
      PB ieee/std_logic_1164 1381692176 PB ieee/STD_LOGIC_UNSIGNED 1381692179
AR work/alu48/alu48_arch 1700237401 \
      FL C:/Users/Arti/Documents/oneplusone/parta/alu48/alu48.vhd EN work/alu48 1700237400
