Release 14.7 - xst P.20131013 (nt)
Copyright (c) 1995-2013 Xilinx, Inc.  All rights reserved.
--> Parameter TMPDIR set to xst/projnav.tmp


Total REAL time to Xst completion: 0.00 secs
Total CPU time to Xst completion: 0.13 secs
 
--> Parameter xsthdpdir set to xst


Total REAL time to Xst completion: 0.00 secs
Total CPU time to Xst completion: 0.13 secs
 
--> Reading design: USR44.prj

TABLE OF CONTENTS
  1) Synthesis Options Summary
  2) HDL Compilation
  3) Design Hierarchy Analysis
  4) HDL Analysis
  5) HDL Synthesis
     5.1) HDL Synthesis Report
  6) Advanced HDL Synthesis
     6.1) Advanced HDL Synthesis Report
  7) Low Level Synthesis
  8) Partition Report
  9) Final Report
	9.1) Device utilization summary
	9.2) Partition Resource Summary
	9.3) TIMING REPORT


=========================================================================
*                      Synthesis Options Summary                        *
=========================================================================
---- Source Parameters
Input File Name                    : "USR44.prj"
Input Format                       : mixed
Ignore Synthesis Constraint File   : NO

---- Target Parameters
Output File Name                   : "USR44"
Output Format                      : NGC
Target Device                      : xc3s250e-5-pq208

---- Source Options
Top Module Name                    : USR44
Automatic FSM Extraction           : YES
FSM Encoding Algorithm             : Auto
Safe Implementation                : No
FSM Style                          : LUT
RAM Extraction                     : Yes
RAM Style                          : Auto
ROM Extraction                     : Yes
Mux Style                          : Auto
Decoder Extraction                 : YES
Priority Encoder Extraction        : Yes
Shift Register Extraction          : YES
Logical Shifter Extraction         : YES
XOR Collapsing                     : YES
ROM Style                          : Auto
Mux Extraction                     : Yes
Resource Sharing                   : YES
Asynchronous To Synchronous        : NO
Multiplier Style                   : Auto
Automatic Register Balancing       : No

---- Target Options
Add IO Buffers                     : YES
Global Maximum Fanout              : 500
Add Generic Clock Buffer(BUFG)     : 24
Register Duplication               : YES
Slice Packing                      : YES
Optimize Instantiated Primitives   : NO
Use Clock Enable                   : Yes
Use Synchronous Set                : Yes
Use Synchronous Reset              : Yes
Pack IO Registers into IOBs        : Auto
Equivalent register Removal        : YES

---- General Options
Optimization Goal                  : Speed
Optimization Effort                : 1
Keep Hierarchy                     : No
Netlist Hierarchy                  : As_Optimized
RTL Output                         : Yes
Global Optimization                : AllClockNets
Read Cores                         : YES
Write Timing Constraints           : NO
Cross Clock Analysis               : NO
Hierarchy Separator                : /
Bus Delimiter                      : <>
Case Specifier                     : Maintain
Slice Utilization Ratio            : 100
BRAM Utilization Ratio             : 100
Verilog 2001                       : YES
Auto BRAM Packing                  : NO
Slice Utilization Ratio Delta      : 5

=========================================================================


=========================================================================
*                          HDL Compilation                              *
=========================================================================
Compiling vhdl file "C:/Users/Arti/Documents/VLSI/sppu_e-tc_notes_and_praticals-master/sppu_e-tc_notes_and_praticals-master/sem7/vlsi_praticals/parta/parta/USR44/USR44.vhd" in Library work.
Architecture behavioral of Entity usr44 is up to date.

=========================================================================
*                     Design Hierarchy Analysis                         *
=========================================================================
Analyzing hierarchy for entity <USR44> in library <work> (architecture <behavioral>).


=========================================================================
*                            HDL Analysis                               *
=========================================================================
Analyzing Entity <USR44> in library <work> (Architecture <behavioral>).
Entity <USR44> analyzed. Unit <USR44> generated.


=========================================================================
*                           HDL Synthesis                               *
=========================================================================

Performing bidirectional port resolution...

Synthesizing Unit <USR44>.
    Related source file is "C:/Users/Arti/Documents/VLSI/sppu_e-tc_notes_and_praticals-master/sppu_e-tc_notes_and_praticals-master/sem7/vlsi_praticals/parta/parta/USR44/USR44.vhd".
    Found 1-bit register for signal <S_OUT>.
    Found 4-bit register for signal <P_OUT>.
    Found 1-bit register for signal <FLAG>.
    Found 4-bit register for signal <TEMP>.
    Found 1-bit 4-to-1 multiplexer for signal <TEMP_0$mux0000> created at line 52.
    Found 1-bit 4-to-1 multiplexer for signal <TEMP_1$mux0001> created at line 52.
    Found 1-bit 4-to-1 multiplexer for signal <TEMP_2$mux0001> created at line 52.
    Found 1-bit 4-to-1 multiplexer for signal <TEMP_3$mux0001> created at line 52.
    Summary:
	inferred  10 D-type flip-flop(s).
	inferred   4 Multiplexer(s).
Unit <USR44> synthesized.


=========================================================================
HDL Synthesis Report

Macro Statistics
# Registers                                            : 7
 1-bit register                                        : 6
 4-bit register                                        : 1
# Multiplexers                                         : 4
 1-bit 4-to-1 multiplexer                              : 4

=========================================================================

=========================================================================
*                       Advanced HDL Synthesis                          *
=========================================================================


=========================================================================
Advanced HDL Synthesis Report

Macro Statistics
# Registers                                            : 10
 Flip-Flops                                            : 10
# Multiplexers                                         : 4
 1-bit 4-to-1 multiplexer                              : 4

=========================================================================

=========================================================================
*                         Low Level Synthesis                           *
=========================================================================

Optimizing unit <USR44> ...

Mapping all equations...
Building and optimizing final netlist ...
Found area constraint ratio of 100 (+ 5) on block USR44, actual ratio is 0.

Final Macro Processing ...

=========================================================================
Final Register Report

Macro Statistics
# Registers                                            : 10
 Flip-Flops                                            : 10

=========================================================================

=========================================================================
*                           Partition Report                            *
=========================================================================

Partition Implementation Status
-------------------------------

  No Partitions were found in this design.

-------------------------------

=========================================================================
*                            Final Report                               *
=========================================================================
Final Results
RTL Top Level Output File Name     : USR44.ngr
Top Level Output File Name         : USR44
Output Format                      : NGC
Optimization Goal                  : Speed
Keep Hierarchy                     : No

Design Statistics
# IOs                              : 14

Cell Usage :
# BELS                             : 14
#      INV                         : 1
#      LUT2                        : 6
#      LUT2_D                      : 1
#      LUT3                        : 1
#      LUT3_L                      : 1
#      LUT4                        : 4
# FlipFlops/Latches                : 10
#      FDC                         : 5
#      FDE                         : 5
# Clock Buffers                    : 1
#      BUFGP                       : 1
# IO Buffers                       : 13
#      IBUF                        : 8
#      OBUF                        : 5
=========================================================================

Device utilization summary:
---------------------------

Selected Device : 3s250epq208-5 

 Number of Slices:                        7  out of   2448     0%  
 Number of Slice Flip Flops:             10  out of   4896     0%  
 Number of 4 input LUTs:                 14  out of   4896     0%  
 Number of IOs:                          14
 Number of bonded IOBs:                  14  out of    158     8%  
 Number of GCLKs:                         1  out of     24     4%  

---------------------------
Partition Resource Summary:
---------------------------

  No Partitions were found in this design.

---------------------------


=========================================================================
TIMING REPORT

NOTE: THESE TIMING NUMBERS ARE ONLY A SYNTHESIS ESTIMATE.
      FOR ACCURATE TIMING INFORMATION PLEASE REFER TO THE TRACE REPORT
      GENERATED AFTER PLACE-and-ROUTE.

Clock Information:
------------------
-----------------------------------+------------------------+-------+
Clock Signal                       | Clock buffer(FF name)  | Load  |
-----------------------------------+------------------------+-------+
CLK                                | BUFGP                  | 10    |
-----------------------------------+------------------------+-------+

Asynchronous Control Signals Information:
----------------------------------------
-----------------------------------+------------------------+-------+
Control Signal                     | Buffer(FF name)        | Load  |
-----------------------------------+------------------------+-------+
RST                                | IBUF                   | 5     |
-----------------------------------+------------------------+-------+

Timing Summary:
---------------
Speed Grade: -5

   Minimum period: 2.838ns (Maximum Frequency: 352.373MHz)
   Minimum input arrival time before clock: 3.776ns
   Maximum output required time after clock: 4.040ns
   Maximum combinational path delay: No path found

Timing Detail:
--------------
All values displayed in nanoseconds (ns)

=========================================================================
Timing constraint: Default period analysis for Clock 'CLK'
  Clock period: 2.838ns (frequency: 352.373MHz)
  Total number of paths / destination ports: 13 / 9
-------------------------------------------------------------------------
Delay:               2.838ns (Levels of Logic = 2)
  Source:            FLAG (FF)
  Destination:       TEMP_1 (FF)
  Source Clock:      CLK rising
  Destination Clock: CLK rising

  Data Path: FLAG to TEMP_1
                                Gate     Net
    Cell:in->out      fanout   Delay   Delay  Logical Name (Net Name)
    ----------------------------------------  ------------
     FDE:C->Q              2   0.514   0.449  FLAG (FLAG)
     LUT2_D:I1->O          2   0.612   0.383  Mmux_TEMP_1_mux0001211 (N01)
     LUT4:I3->O            1   0.612   0.000  Mmux_TEMP_2_mux000121 (TEMP_2_mux0001)
     FDE:D                     0.268          TEMP_2
    ----------------------------------------
    Total                      2.838ns (2.006ns logic, 0.832ns route)
                                       (70.7% logic, 29.3% route)

=========================================================================
Timing constraint: Default OFFSET IN BEFORE for Clock 'CLK'
  Total number of paths / destination ports: 27 / 15
-------------------------------------------------------------------------
Offset:              3.776ns (Levels of Logic = 3)
  Source:            MODE<0> (PAD)
  Destination:       TEMP_1 (FF)
  Destination Clock: CLK rising

  Data Path: MODE<0> to TEMP_1
                                Gate     Net
    Cell:in->out      fanout   Delay   Delay  Logical Name (Net Name)
    ----------------------------------------  ------------
     IBUF:I->O             8   1.106   0.795  MODE_0_IBUF (MODE_0_IBUF)
     LUT2_D:I0->O          2   0.612   0.383  Mmux_TEMP_1_mux0001211 (N01)
     LUT4:I3->O            1   0.612   0.000  Mmux_TEMP_2_mux000121 (TEMP_2_mux0001)
     FDE:D                     0.268          TEMP_2
    ----------------------------------------
    Total                      3.776ns (2.598ns logic, 1.178ns route)
                                       (68.8% logic, 31.2% route)

=========================================================================
Timing constraint: Default OFFSET OUT AFTER for Clock 'CLK'
  Total number of paths / destination ports: 5 / 5
-------------------------------------------------------------------------
Offset:              4.040ns (Levels of Logic = 1)
  Source:            S_OUT (FF)
  Destination:       S_OUT (PAD)
  Source Clock:      CLK rising

  Data Path: S_OUT to S_OUT
                                Gate     Net
    Cell:in->out      fanout   Delay   Delay  Logical Name (Net Name)
    ----------------------------------------  ------------
     FDC:C->Q              1   0.514   0.357  S_OUT (S_OUT_OBUF)
     OBUF:I->O                 3.169          S_OUT_OBUF (S_OUT)
    ----------------------------------------
    Total                      4.040ns (3.683ns logic, 0.357ns route)
                                       (91.2% logic, 8.8% route)

=========================================================================


Total REAL time to Xst completion: 3.00 secs
Total CPU time to Xst completion: 3.15 secs
 
--> 

Total memory usage is 231036 kilobytes

Number of errors   :    0 (   0 filtered)
Number of warnings :    0 (   0 filtered)
Number of infos    :    0 (   0 filtered)

